// Jest Snapshot v1, https://goo.gl/fbAQLP

exports[`should render header correctly 1`] = `
<ForwardRef(styled.header)>
  <ForwardRef(styled.h1) />
</ForwardRef(styled.header)>
`;
